// Jest Snapshot v1, https://goo.gl/fbAQLP

exports[`BrowserCell Comp Snapshot 1`] = `ShallowWrapper {}`;
