// Jest Snapshot v1, https://goo.gl/fbAQLP

exports[`CustomerCell Comp Snapshot 1`] = `ShallowWrapper {}`;
