// Jest Snapshot v1, https://goo.gl/fbAQLP

exports[`CustomerTable Comp Snapshot 1`] = `ShallowWrapper {}`;
