// Jest Snapshot v1, https://goo.gl/fbAQLP

exports[`OrderTableCell Comp Snapshot 1`] = `ShallowWrapper {}`;
