// Jest Snapshot v1, https://goo.gl/fbAQLP

exports[`OrderTable Comp Snapshot 1`] = `ShallowWrapper {}`;
