// Jest Snapshot v1, https://goo.gl/fbAQLP

exports[`ProductImage Comp Snapshot 1`] = `ShallowWrapper {}`;
