// Jest Snapshot v1, https://goo.gl/fbAQLP

exports[`Snapshot SentMessageCell 1`] = `ShallowWrapper {}`;
