// Jest Snapshot v1, https://goo.gl/fbAQLP

exports[`Snapshot Conversation 1`] = `ShallowWrapper {}`;
