// Jest Snapshot v1, https://goo.gl/fbAQLP

exports[`Snapshot ReceivedMessageCell 1`] = `ShallowWrapper {}`;
