// Jest Snapshot v1, https://goo.gl/fbAQLP

exports[`<MediaList/> Snapshot test for MediaList 1`] = `ShallowWrapper {}`;
