// Jest Snapshot v1, https://goo.gl/fbAQLP

exports[`AssignmentTableCell Comp Snapshot 1`] = `ShallowWrapper {}`;
