// Jest Snapshot v1, https://goo.gl/fbAQLP

exports[`AssignmentTable Comp Snapshot 1`] = `ShallowWrapper {}`;
