// Jest Snapshot v1, https://goo.gl/fbAQLP

exports[`Chart Comp Snapshot 1`] = `ShallowWrapper {}`;
