// Jest Snapshot v1, https://goo.gl/fbAQLP

exports[`LineChartRevenue Comp Snapshot 1`] = `ShallowWrapper {}`;
