// Jest Snapshot v1, https://goo.gl/fbAQLP

exports[`MonthlyRevenue Comp Snapshot 1`] = `ShallowWrapper {}`;
