// Jest Snapshot v1, https://goo.gl/fbAQLP

exports[`OrdersChart Comp Snapshot 1`] = `ShallowWrapper {}`;
