// Jest Snapshot v1, https://goo.gl/fbAQLP

exports[`StatBoxes Comp Snapshot 1`] = `ShallowWrapper {}`;
