// Jest Snapshot v1, https://goo.gl/fbAQLP

exports[`Statistics Comp Snapshot 1`] = `ShallowWrapper {}`;
