// Jest Snapshot v1, https://goo.gl/fbAQLP

exports[`Snapshot User 1`] = `ReactWrapper {}`;
