// Jest Snapshot v1, https://goo.gl/fbAQLP

exports[`ProjectsCell 1`] = `ShallowWrapper {}`;
