// Jest Snapshot v1, https://goo.gl/fbAQLP

exports[`WeeklyCell 1`] = `ShallowWrapper {}`;
