// Jest Snapshot v1, https://goo.gl/fbAQLP

exports[`WeeklyList 1`] = `ShallowWrapper {}`;
