// Jest Snapshot v1, https://goo.gl/fbAQLP

exports[`Snapshot LanguageItem 1`] = `ShallowWrapper {}`;
