// Jest Snapshot v1, https://goo.gl/fbAQLP

exports[`<SideBarContent /> Components SideBarContent 1`] = `ShallowWrapper {}`;
