// Jest Snapshot v1, https://goo.gl/fbAQLP

exports[`Snapshot MailNotification 1`] = `ShallowWrapper {}`;
