// Jest Snapshot v1, https://goo.gl/fbAQLP

exports[`<AppLayouts /> AppLayouts render 1`] = `ShallowWrapper {}`;
