// Jest Snapshot v1, https://goo.gl/fbAQLP

exports[`<AppLayout /> AppLayout render 1`] = `ShallowWrapper {}`;
