// Jest Snapshot v1, https://goo.gl/fbAQLP

exports[`Snapshot Navigation 1`] = `ShallowWrapper {}`;
