// Jest Snapshot v1, https://goo.gl/fbAQLP

exports[`Snapshot NavMenuItem 1`] = `ShallowWrapper {}`;
