// Jest Snapshot v1, https://goo.gl/fbAQLP

exports[`Snapshot NavSection 1`] = `ShallowWrapper {}`;
