// Jest Snapshot v1, https://goo.gl/fbAQLP

exports[`<SidebarItem /> Snapshot test for SidebarItem 1`] = `ShallowWrapper {}`;
