// Jest Snapshot v1, https://goo.gl/fbAQLP

exports[`<Userprofile /> Snapshot test for Userprofile 1`] = `ShallowWrapper {}`;
