// Jest Snapshot v1, https://goo.gl/fbAQLP

exports[`Snapshot ContactCell 1`] = `ShallowWrapper {}`;
