// Jest Snapshot v1, https://goo.gl/fbAQLP

exports[`<WeatherIcon /> WeatherIcon snapshot 1`] = `ShallowWrapper {}`;
