// Jest Snapshot v1, https://goo.gl/fbAQLP

exports[`OrderDetails /> OrderDetails snapshot 1`] = `ShallowWrapper {}`;
