// Jest Snapshot v1, https://goo.gl/fbAQLP

exports[`OrderItems /> OrderItems snapshot 1`] = `ShallowWrapper {}`;
