// Jest Snapshot v1, https://goo.gl/fbAQLP

exports[`OrderInfo /> OrderInfos snapshot 1`] = `ShallowWrapper {}`;
