// Jest Snapshot v1, https://goo.gl/fbAQLP

exports[`<Sidebar /> Snapshot test for Sidebar 1`] = `ShallowWrapper {}`;
