// Jest Snapshot v1, https://goo.gl/fbAQLP

exports[`<Profile /> Profile render 1`] = `ReactWrapper {}`;
