// Jest Snapshot v1, https://goo.gl/fbAQLP

exports[`CommentsCell Comp Snapshot 1`] = `ShallowWrapper {}`;
