// Jest Snapshot v1, https://goo.gl/fbAQLP

exports[`SiteTraffic Comp Snapshot 1`] = `ShallowWrapper {}`;
