// Jest Snapshot v1, https://goo.gl/fbAQLP

exports[`CommentsTable Comp Snapshot 1`] = `ShallowWrapper {}`;
