// Jest Snapshot v1, https://goo.gl/fbAQLP

exports[`StoryOfTheDay Comp Snapshot 1`] = `ShallowWrapper {}`;
