// Jest Snapshot v1, https://goo.gl/fbAQLP

exports[`YourDailyFeed Comp Snapshot 1`] = `ShallowWrapper {}`;
