// Jest Snapshot v1, https://goo.gl/fbAQLP

exports[`Snapshot Input 1`] = `ShallowWrapper {}`;
