// Jest Snapshot v1, https://goo.gl/fbAQLP

exports[`<AddMedicine /> route 1`] = `ReactWrapper {}`;
