// Jest Snapshot v1, https://goo.gl/fbAQLP

exports[`Snapshot WeatherDetail 1`] = `ShallowWrapper {}`;
