// Jest Snapshot v1, https://goo.gl/fbAQLP

exports[`<MedicineTypes /> MedicineTypes snapshot 1`] = `ShallowWrapper {}`;
