// Jest Snapshot v1, https://goo.gl/fbAQLP

exports[`Snapshot UserCell 1`] = `ShallowWrapper {}`;
